[debug] [2026-09-30T14:33:03.317Z] ----------------------------------------------------------------------
[debug] [2026-09-30T14:33:03.319Z] Command:       C:\Program Files\nodejs\node.exe C:\Program Files\nodejs\node_modules\firebase-tools\lib\bin\firebase.js init
[debug] [2026-09-30T14:33:03.320Z] CLI Version:   15.32.0
[debug] [2026-09-30T14:33:03.320Z] Platform:      win32
[debug] [2026-09-30T14:33:03.320Z] Node Version:  v22.13.0
[debug] [2026-09-30T14:33:03.320Z] Detected Agent: unknown
[debug] [2026-09-30T14:33:03.320Z] Time:          Wed Sep 30 2026 17:33:03 GMT+0300 (Москва, стандартное время)
[debug] [2026-09-30T14:33:03.321Z] ----------------------------------------------------------------------
[debug] 
[info] 
     ######## #### ########  ######## ########     ###     ######  ########
     ##        ##  ##     ## ##       ##     ##  ##   ##  ##       ##
     ######    ##  ########  ######   ########  #########  ######  ######
     ##        ##  ##    ##  ##       ##     ## ##     ##       ## ##
     ##       #### ##     ## ######## ########  ##     ##  ######  ########

You're about to initialize a Firebase project in this directory:

  D:\projects\morinskoe-site

Before we get started, keep in mind:

  * You are initializing within an existing Firebase project directory

[info] 
=== Project Setup
[info] 
[info] First, let's associate this project directory with a Firebase project.
[info] You can create multiple project aliases by running firebase use --add, 
[info] 
[debug] [2026-09-30T14:33:13.896Z] > command requires scopes: ["email","openid","https://www.googleapis.com/auth/cloudplatformprojects.readonly","https://www.googleapis.com/auth/firebase","https://www.googleapis.com/auth/cloud-platform"]
[debug] [2026-09-30T14:33:13.897Z] > authorizing via signed-in user (akseldjun@gmail.com)
[debug] [2026-09-30T14:33:13.906Z] Checked if tokens are valid: false, expires at: 1740594391815
[debug] [2026-09-30T14:33:13.907Z] Checked if tokens are valid: false, expires at: 1740594391815
[debug] [2026-09-30T14:33:13.907Z] > refreshing access token with scopes: []
[debug] [2026-09-30T14:33:13.909Z] >>> [apiv2][query] POST https://www.googleapis.com/oauth2/v3/token [none]
[debug] [2026-09-30T14:33:13.909Z] >>> [apiv2][body] POST https://www.googleapis.com/oauth2/v3/token [omitted]
[debug] [2026-09-30T14:33:14.046Z] <<< [apiv2][status] POST https://www.googleapis.com/oauth2/v3/token 400
[debug] [2026-09-30T14:33:14.047Z] <<< [apiv2][body] POST https://www.googleapis.com/oauth2/v3/token [omitted]
[debug] [2026-09-30T14:33:14.047Z] >>> [apiv2][query] GET https://firebase.googleapis.com/v1beta1/projects/morinskoe-demo [none]
[debug] [2026-09-30T14:33:14.321Z] <<< [apiv2][status] GET https://firebase.googleapis.com/v1beta1/projects/morinskoe-demo 401
[debug] [2026-09-30T14:33:14.322Z] <<< [apiv2][body] GET https://firebase.googleapis.com/v1beta1/projects/morinskoe-demo {"error":{"code":401,"message":"Request had invalid authentication credentials. Expected OAuth 2 access token, login cookie or other valid authentication credential. See https://developers.google.com/identity/sign-in/web/devconsole-project.","status":"UNAUTHENTICATED"}}
[debug] [2026-09-30T14:33:14.322Z] Got a 401 Unauthenticated error for a call that required authentication. Refreshing tokens.
[debug] [2026-09-30T14:33:14.322Z] Checked if tokens are valid: false, expires at: 1740594391815
[debug] [2026-09-30T14:33:14.322Z] Checked if tokens are valid: false, expires at: 1740594391815
[debug] [2026-09-30T14:33:14.322Z] > refreshing access token with scopes: []
[debug] [2026-09-30T14:33:14.322Z] >>> [apiv2][query] POST https://www.googleapis.com/oauth2/v3/token [none]
[debug] [2026-09-30T14:33:14.322Z] >>> [apiv2][body] POST https://www.googleapis.com/oauth2/v3/token [omitted]
[debug] [2026-09-30T14:33:14.383Z] <<< [apiv2][status] POST https://www.googleapis.com/oauth2/v3/token 400
[debug] [2026-09-30T14:33:14.383Z] <<< [apiv2][body] POST https://www.googleapis.com/oauth2/v3/token [omitted]
[debug] [2026-09-30T14:33:14.383Z] Request to https://firebase.googleapis.com/v1beta1/projects/morinskoe-demo had HTTP Error: 401, Request had invalid authentication credentials. Expected OAuth 2 access token, login cookie or other valid authentication credential. See https://developers.google.com/identity/sign-in/web/devconsole-project.
[debug] [2026-09-30T14:33:14.384Z] FirebaseError: Request to https://firebase.googleapis.com/v1beta1/projects/morinskoe-demo had HTTP Error: 401, Request had invalid authentication credentials. Expected OAuth 2 access token, login cookie or other valid authentication credential. See https://developers.google.com/identity/sign-in/web/devconsole-project.
    at responseToError (C:\Users\lehah\AppData\Roaming\nvm\v22.13.0\node_modules\firebase-tools\lib\responseToError.js:53:12)
    at RetryOperation._fn (C:\Users\lehah\AppData\Roaming\nvm\v22.13.0\node_modules\firebase-tools\lib\apiv2.js:415:77)
    at process.processTicksAndRejections (node:internal/process/task_queues:105:5)
[error] 
[error] Error: Failed to get Firebase project morinskoe-demo. Please make sure the project exists and your account has permission to access it.
[debug] [2026-09-30T14:33:41.493Z] ----------------------------------------------------------------------
[debug] [2026-09-30T14:33:41.496Z] Command:       C:\Program Files\nodejs\node.exe C:\Program Files\nodejs\node_modules\firebase-tools\lib\bin\firebase.js init
[debug] [2026-09-30T14:33:41.496Z] CLI Version:   15.32.0
[debug] [2026-09-30T14:33:41.497Z] Platform:      win32
[debug] [2026-09-30T14:33:41.497Z] Node Version:  v22.13.0
[debug] [2026-09-30T14:33:41.497Z] Detected Agent: unknown
[debug] [2026-09-30T14:33:41.497Z] Time:          Wed Sep 30 2026 17:33:41 GMT+0300 (Москва, стандартное время)
[debug] [2026-09-30T14:33:41.497Z] ----------------------------------------------------------------------
[debug] 
[info] 
     ######## #### ########  ######## ########     ###     ######  ########
     ##        ##  ##     ## ##       ##     ##  ##   ##  ##       ##
     ######    ##  ########  ######   ########  #########  ######  ######
     ##        ##  ##    ##  ##       ##     ## ##     ##       ## ##
     ##       #### ##     ## ######## ########  ##     ##  ######  ########

You're about to initialize a Firebase project in this directory:

  D:\projects\morinskoe-site

Before we get started, keep in mind:

  * You are initializing within an existing Firebase project directory

[info] 
=== Project Setup
[info] 
[info] First, let's associate this project directory with a Firebase project.
[info] You can create multiple project aliases by running firebase use --add, 
[info] 
[debug] [2026-09-30T14:33:49.010Z] > command requires scopes: ["email","openid","https://www.googleapis.com/auth/cloudplatformprojects.readonly","https://www.googleapis.com/auth/firebase","https://www.googleapis.com/auth/cloud-platform"]
[debug] [2026-09-30T14:33:49.010Z] > authorizing via signed-in user (akseldjun@gmail.com)
[debug] [2026-09-30T14:33:49.020Z] Checked if tokens are valid: false, expires at: 1740594391815
[debug] [2026-09-30T14:33:49.020Z] Checked if tokens are valid: false, expires at: 1740594391815
[debug] [2026-09-30T14:33:49.020Z] > refreshing access token with scopes: []
[debug] [2026-09-30T14:33:49.022Z] >>> [apiv2][query] POST https://www.googleapis.com/oauth2/v3/token [none]
[debug] [2026-09-30T14:33:49.023Z] >>> [apiv2][body] POST https://www.googleapis.com/oauth2/v3/token [omitted]
[debug] [2026-09-30T14:33:49.159Z] <<< [apiv2][status] POST https://www.googleapis.com/oauth2/v3/token 400
[debug] [2026-09-30T14:33:49.159Z] <<< [apiv2][body] POST https://www.googleapis.com/oauth2/v3/token [omitted]
[debug] [2026-09-30T14:33:49.159Z] >>> [apiv2][query] GET https://firebase.googleapis.com/v1beta1/projects/morinskoe [none]
[debug] [2026-09-30T14:33:49.311Z] <<< [apiv2][status] GET https://firebase.googleapis.com/v1beta1/projects/morinskoe 401
[debug] [2026-09-30T14:33:49.311Z] <<< [apiv2][body] GET https://firebase.googleapis.com/v1beta1/projects/morinskoe {"error":{"code":401,"message":"Request had invalid authentication credentials. Expected OAuth 2 access token, login cookie or other valid authentication credential. See https://developers.google.com/identity/sign-in/web/devconsole-project.","status":"UNAUTHENTICATED"}}
[debug] [2026-09-30T14:33:49.311Z] Got a 401 Unauthenticated error for a call that required authentication. Refreshing tokens.
[debug] [2026-09-30T14:33:49.311Z] Checked if tokens are valid: false, expires at: 1740594391815
[debug] [2026-09-30T14:33:49.311Z] Checked if tokens are valid: false, expires at: 1740594391815
[debug] [2026-09-30T14:33:49.311Z] > refreshing access token with scopes: []
[debug] [2026-09-30T14:33:49.312Z] >>> [apiv2][query] POST https://www.googleapis.com/oauth2/v3/token [none]
[debug] [2026-09-30T14:33:49.312Z] >>> [apiv2][body] POST https://www.googleapis.com/oauth2/v3/token [omitted]
[debug] [2026-09-30T14:33:49.354Z] <<< [apiv2][status] POST https://www.googleapis.com/oauth2/v3/token 400
[debug] [2026-09-30T14:33:49.354Z] <<< [apiv2][body] POST https://www.googleapis.com/oauth2/v3/token [omitted]
[debug] [2026-09-30T14:33:49.355Z] Request to https://firebase.googleapis.com/v1beta1/projects/morinskoe had HTTP Error: 401, Request had invalid authentication credentials. Expected OAuth 2 access token, login cookie or other valid authentication credential. See https://developers.google.com/identity/sign-in/web/devconsole-project.
[debug] [2026-09-30T14:33:49.356Z] FirebaseError: Request to https://firebase.googleapis.com/v1beta1/projects/morinskoe had HTTP Error: 401, Request had invalid authentication credentials. Expected OAuth 2 access token, login cookie or other valid authentication credential. See https://developers.google.com/identity/sign-in/web/devconsole-project.
    at responseToError (C:\Users\lehah\AppData\Roaming\nvm\v22.13.0\node_modules\firebase-tools\lib\responseToError.js:53:12)
    at RetryOperation._fn (C:\Users\lehah\AppData\Roaming\nvm\v22.13.0\node_modules\firebase-tools\lib\apiv2.js:415:77)
    at process.processTicksAndRejections (node:internal/process/task_queues:105:5)
[error] 
[error] Error: Failed to get Firebase project morinskoe. Please make sure the project exists and your account has permission to access it.
